I'm sorry, but errors were detected in your script. Please correct the
errors listed below, and try again.


File "game/script.rpy", line 31: expected statement.
    greenCount = 0
               ^

Ren'Py Version: Ren'Py 8.1.3.23091805
Sun Nov 19 15:09:41 2023
